c options: -u -s -c -i 
benchmarks/gttt_3x3/sdimacs/gttt_1_1_0010_3x3_w.sdimacs
c nGroup/nPin/nEdge = 19564/2524/3110
Assump level MC ...
c WARNING: for repeatability, setting FPU to use double precision
c Problem Statistics:
c
c [33mBenchmark Information[0m
c Number of variables: 3306
c Number of clauses: 208
c Number of literals: 460
c Parse time: 0.00
c
c [33md-DNNF Information[0m
c Number of nodes: 511
c Number of edges: 1022
c 
c Final time: 0.013006
c 
s 85070591730234615865843651857942052864
ref / imp = 1 / 1
qlev = 9
Assump level MC ...
c WARNING: for repeatability, setting FPU to use double precision
c Problem Statistics:
c
c [33mBenchmark Information[0m
c Number of variables: 2541
c Number of clauses: 208
c Number of literals: 460
c Parse time: 0.00
c
c [33md-DNNF Information[0m
c Number of nodes: 511
c Number of edges: 1022
c 
c Final time: 0.011942
c 
s 85070591730234615865843651857942052864
ref / imp = 1 / 1
qlev = 7
Assump level MC ...
c WARNING: for repeatability, setting FPU to use double precision
c Problem Statistics:
c
c [33mBenchmark Information[0m
c Number of variables: 1775
c Number of clauses: 208
c Number of literals: 460
c Parse time: 0.00
c
c [33md-DNNF Information[0m
c Number of nodes: 511
c Number of edges: 1022
c 
c Final time: 0.014423
c 
s 85070591730234615865843651857942052864
ref / imp = 1 / 1
qlev = 5
Assump level MC ...
c WARNING: for repeatability, setting FPU to use double precision
c Problem Statistics:
c
c [33mBenchmark Information[0m
c Number of variables: 1009
c Number of clauses: 208
c Number of literals: 460
c Parse time: 0.00
c
c [33md-DNNF Information[0m
c Number of nodes: 511
c Number of edges: 1022
c 
c Final time: 0.008195
c 
s 85070591730234615865843651857942052864
ref / imp = 1 / 1
qlev = 3
Assump level MC ...
ref / imp = 1 / 1
qlev = 5
Assump level MC ...
ref / imp = 1 / 1
qlev = 7
Assump level MC ...
ref / imp = 1 / 1
qlev = 7
ref / imp = 0.999759 / 0.999759
qlev = 5
ref / imp = 0.999679 / 0.999679
qlev = 5
ref / imp = 0.972729 / 0.972729
qlev = 7
Assump level MC ...
ref / imp = 1 / 1
qlev = 7
Assump level MC ...
ref / imp = 1 / 1
qlev = 7
ref / imp = 0.999759 / 0.999759
qlev = 5
Assump level MC ...
ref / imp = 1 / 1
qlev = 5
Assump level MC ...
ref / imp = 1 / 1
qlev = 7
ref / imp = 0.999679 / 0.999679
qlev = 5
Assump level MC ...
ref / imp = 1 / 1
qlev = 7
ref / imp = 0.972729 / 0.972729
qlev = 7
Assump level MC ...
ref / imp = 1 / 1
qlev = 7
ref / imp = 0.999759 / 0.999759
qlev = 5
Assump level MC ...
ref / imp = 1 / 1
qlev = 7
Assump level MC ...
ref / imp = 1 / 1
qlev = 7
ref / imp = 0.999759 / 0.999759
qlev = 5
Assump level MC ...
ref / imp = 1 / 1
qlev = 5
Assump level MC ...
ref / imp = 1 / 1
qlev = 7
Assump level MC ...
ref / imp = 1 / 1
qlev = 7
ref / imp = 0.999759 / 0.999759
qlev = 5
Assump level MC ...
ref / imp = 1 / 1
qlev = 7
Assump level MC ...
ref / imp = 1 / 1
qlev = 7
ref / imp = 0.99984 / 0.99984
qlev = 5
Assump level MC ...
ref / imp = 1 / 1
qlev = 7
ref / imp = 0.99984 / 0.99984
qlev = 5
Assump level MC ...
ref / imp = 1 / 1
qlev = 7
Assump level MC ...
ref / imp = 1 / 1
qlev = 7
ref / imp = 0.999759 / 0.999759
qlev = 5
Assump level MC ...
ref / imp = 1 / 1
qlev = 5
Assump level MC ...
ref / imp = 1 / 1
qlev = 5
ref / imp = 0.975741 / 0.975741
qlev = 3
ref / imp = 0.972729 / 0.972729
qlev = 7
Assump level MC ...
ref / imp = 1 / 1
qlev = 7
ref / imp = 0.999679 / 0.999679
qlev = 5
ref / imp = 0.972729 / 0.972729
qlev = 7
Assump level MC ...
ref / imp = 1 / 1
qlev = 7
ref / imp = 0.999679 / 0.999679
qlev = 5
Assump level MC ...
ref / imp = 1 / 1
qlev = 5
ref / imp = 0.957582 / 0.957582
qlev = 9
Assump level MC ...
ref / imp = 1 / 1
qlev = 9
Assump level MC ...
ref / imp = 1 / 1
qlev = 9
ref / imp = 0.99091 / 0.99091
qlev = 7
Assump level MC ...
ref / imp = 1 / 1
qlev = 9
Assump level MC ...
ref / imp = 1 / 1
qlev = 9
ref / imp = 0.99091 / 0.99091
qlev = 7
Assump level MC ...
ref / imp = 1 / 1
qlev = 7
Assump level MC ...
ref / imp = 1 / 1
qlev = 7
Assump level MC ...
ref / imp = 1 / 1
qlev = 9
ref / imp = 0.99091 / 0.99091
qlev = 7
Assump level MC ...
ref / imp = 1 / 1
qlev = 7
ref / imp = 0.99984 / 0.99984
qlev = 5
ref / imp = 0.981819 / 0.981819
qlev = 7
ref / imp = 0.99984 / 0.99984
qlev = 5
Assump level MC ...
ref / imp = 1 / 1
qlev = 5
Assump level MC ...
ref / imp = 1 / 1
qlev = 9
ref / imp = 0.99091 / 0.99091
qlev = 7
Assump level MC ...
ref / imp = 1 / 1
qlev = 7
Assump level MC ...
ref / imp = 1 / 1
qlev = 9
ref / imp = 0.99091 / 0.99091
qlev = 7
Assump level MC ...
ref / imp = 1 / 1
qlev = 9
Assump level MC ...
ref / imp = 1 / 1
qlev = 9
ref / imp = 0.99091 / 0.99091
qlev = 7
Assump level MC ...
ref / imp = 1 / 1
qlev = 7
ref / imp = 0.99091 / 0.99091
qlev = 7
Assump level MC ...
ref / imp = 1 / 1
qlev = 9
ref / imp = 0.99091 / 0.99091
qlev = 7
Assump level MC ...
ref / imp = 1 / 1
qlev = 7
ref / imp = 0.99984 / 0.99984
qlev = 5
Assump level MC ...
ref / imp = 1 / 1
qlev = 9
ref / imp = 0.99091 / 0.99091
qlev = 7
Assump level MC ...
ref / imp = 1 / 1
qlev = 7
ref / imp = 0.99091 / 0.99091
qlev = 7
Assump level MC ...
ref / imp = 1 / 1
qlev = 7
ref / imp = 0.99984 / 0.99984
qlev = 5
Assump level MC ...
ref / imp = 1 / 1
qlev = 7
Assump level MC ...
ref / imp = 1 / 1
qlev = 7
Assump level MC ...
ref / imp = 1 / 1
qlev = 7
ref / imp = 0.99984 / 0.99984
qlev = 5
Assump level MC ...
ref / imp = 1 / 1
qlev = 5
Assump level MC ...
ref / imp = 1 / 1
qlev = 5
ref / imp = 0.975741 / 0.975741
qlev = 3
Assump level MC ...
ref / imp = 1 / 1
qlev = 5
Assump level MC ...
ref / imp = 1 / 1
qlev = 5
Assump level MC ...
ref / imp = 1 / 1
qlev = 5
Assump level MC ...
ref / imp = 1 / 1
qlev = 5
Assump level MC ...
ref / imp = 1 / 1
qlev = 5
ref / imp = 0.975741 / 0.975741
qlev = 3
Assump level MC ...
ref / imp = 1 / 1
qlev = 5
Assump level MC ...
ref / imp = 1 / 1
qlev = 7
ref / imp = 0.972729 / 0.972729
qlev = 7
ref / imp = 0.972729 / 0.972729
qlev = 7
Assump level MC ...
ref / imp = 1 / 1
qlev = 7
ref / imp = 0.999759 / 0.999759
qlev = 5
ref / imp = 0.972729 / 0.972729
qlev = 7
ref / imp = 0.999679 / 0.999679
qlev = 5
Assump level MC ...
ref / imp = 1 / 1
qlev = 7
ref / imp = 0.999759 / 0.999759
qlev = 5
ref / imp = 0.999679 / 0.999679
qlev = 5
ref / imp = 0.972729 / 0.972729
qlev = 7
ref / imp = 0.972729 / 0.972729
qlev = 7
ref / imp = 0.972729 / 0.972729
qlev = 7
ref / imp = 0.972729 / 0.972729
qlev = 7
Assump level MC ...
ref / imp = 1 / 1
qlev = 7
ref / imp = 0.999759 / 0.999759
qlev = 5
Assump level MC ...
ref / imp = 1 / 1
qlev = 5
Assump level MC ...
ref / imp = 1 / 1
qlev = 5
Assump level MC ...
ref / imp = 1 / 1
qlev = 5
Assump level MC ...
ref / imp = 1 / 1
qlev = 5
ref / imp = 0.975741 / 0.975741
qlev = 3
Assump level MC ...
ref / imp = 1 / 1
qlev = 5
Assump level MC ...
ref / imp = 1 / 1
qlev = 5
Assump level MC ...
ref / imp = 1 / 1
qlev = 5
Assump level MC ...
ref / imp = 1 / 1
qlev = 5
ref / imp = 0.987871 / 0.987871
qlev = 3
Assump level MC ...
ref / imp = 1 / 1
qlev = 5
Assump level MC ...
ref / imp = 1 / 1
qlev = 7
Assump level MC ...
ref / imp = 1 / 1
qlev = 7
ref / imp = 0.99984 / 0.99984
qlev = 5
Assump level MC ...
ref / imp = 1 / 1
qlev = 7
Assump level MC ...
ref / imp = 1 / 1
qlev = 7
ref / imp = 0.99984 / 0.99984
qlev = 5
Assump level MC ...
ref / imp = 1 / 1
qlev = 7
ref / imp = 0.99984 / 0.99984
qlev = 5
Assump level MC ...
ref / imp = 1 / 1
qlev = 7
Assump level MC ...
ref / imp = 1 / 1
qlev = 7
ref / imp = 0.999759 / 0.999759
qlev = 5
Assump level MC ...
ref / imp = 1 / 1
qlev = 5
Assump level MC ...
ref / imp = 1 / 1
qlev = 5
ref / imp = 0.975741 / 0.975741
qlev = 3
Assump level MC ...
ref / imp = 1 / 1
qlev = 5
Assump level MC ...
ref / imp = 1 / 1
qlev = 5
Assump level MC ...
ref / imp = 1 / 1
qlev = 5
Assump level MC ...
ref / imp = 1 / 1
qlev = 5
Assump level MC ...
ref / imp = 1 / 1
qlev = 5
Assump level MC ...
ref / imp = 1 / 1
qlev = 7
ref / imp = 0.981819 / 0.981819
qlev = 7
Assump level MC ...
ref / imp = 1 / 1
qlev = 7
Assump level MC ...
ref / imp = 1 / 1
qlev = 7
Assump level MC ...
ref / imp = 1 / 1
qlev = 7
ref / imp = 0.99992 / 0.99992
qlev = 5
Assump level MC ...
ref / imp = 1 / 1
qlev = 7
Assump level MC ...
ref / imp = 1 / 1
qlev = 7
ref / imp = 0.99992 / 0.99992
qlev = 5
Assump level MC ...
ref / imp = 1 / 1
qlev = 5
ref / imp = 0.987871 / 0.987871
qlev = 3
ref / imp = 0.975741 / 0.975741
qlev = 3
ref / imp = 0.957582 / 0.957582
qlev = 9
ref / imp = 0.957582 / 0.957582
qlev = 9
Assump level MC ...
ref / imp = 0.981433 / 0.972729
qlev = 7
Warning!! Error Probability
